ITEM: TIMESTEP
10
ITEM: NUMBER OF ATOMS
8
ITEM: BOX BOUNDS xy xz yz pp pp pp
6.8170176144626282e-02 1.0006111391899868e+01 2.4844853039388100e+00
5.9037104321707279e-02 5.7967101404286652e+00 2.4844853039388100e+00
5.5660715743329980e-02 4.1128082278057683e+00 1.4344182590267391e+00
ITEM: ATOMS id type xu yu zu vx vy vz fx fy fz element
1 1 0.0692294 0.0338519 0.0208556 0.879937 -0.484766 -2.25386 -4.6562 2.23 0.174992 Cu
2 1 1.30531 0.759049 2.0473 -3.06454 0.218609 -3.3752 -7.2481 3.31775 -0.455319 Cu
3 1 1.30882 2.19033 0.0398591 0.761139 1.94166 4.64055 0.904298 -1.61135 -2.78556 Cu
4 1 2.57621 2.89797 2.04735 6.71177 -4.0035 -2.97422 -12.9061 -6.46638 -18.1951 Cu
5 1 2.54608 0.0390038 0.0389492 -2.94752 0.404223 3.19143 0.50928 1.28367 -2.01293 Cu
6 1 3.78911 0.754145 2.05704 -2.04814 -1.20427 -0.344994 8.08785 5.88728 15.6171 Cu
7 1 3.78824 2.19914 0.0322371 -1.35197 2.93269 1.21579 15.1093 8.43112 7.25779 Cu
8 1 5.03825 2.91672 2.05334 1.05932 0.195353 -0.0994892 0.199742 -13.0721 0.399099 Cu
