ITEM: TIMESTEP
5
ITEM: NUMBER OF ATOMS
5
ITEM: BOX BOUNDS pp pp pp
0.0000000000000000e+00 1.0000000000000000e+01
0.0000000000000000e+00 1.0000000000000000e+01
0.0000000000000000e+00 1.0000000000000000e+01
ITEM: ATOMS id type xu yu zu vx vy vz fx fy fz element
2 1 0.629752 0.630087 0.629943 -3.73024 1.29058 3.42091 -9.74539 -7.29719 22.579 H
3 1 -0.630071 -0.630205 0.630019 -1.22289 -5.45706 -0.651505 -87.4989 -9.22136 -50.9027 H
5 1 -0.629846 0.630189 -0.63003 7.14634 7.61026 1.8165 13.4985 0.623055 17.0408 H
1 3 1.02237e-05 -4.07433e-06 -5.76305e-06 -0.276498 -0.39202 -0.723228 92.2794 12.6226 -11.0995 C
4 1 0.630043 -0.630023 -0.629864 1.10146 1.2274 4.03184 -8.5336 3.27289 22.3823 H
